// Jest Snapshot v1, https://goo.gl/fbAQLP

exports[`Test Errors 404 1`] = `"Request failed with status code 404"`;

exports[`Test Errors directory 1`] = `"ENOENT: no such file or directory, mkdir 'var/localhost-test_files'"`;